0060{"id":"1TEST🍻","size":100,"offset":100,"action":"create"}0059{"id":"2EST🍻","size":100,"offset":100,"action":"create"}0059{"id":"3EST🍻","size":100,"offset":100,"action":"create"}0060{"id":"4TEST🍻","size":100,"offset":100,"action":"create"}0059{"id":"TEST🍻","size":100,"offset":100,"action":"create"}0059{"id":"TEST🍻","size":100,"offset":100,"action":"create"}0059{"id":"TEST🍻","size":100,"offset":100,"action":"create"}0059{"id":"TEST🍻","size":100,"offset":100,"action":"create"}0059{"id":"TEST🍻","size":100,"offset":100,"action":"create"}0059{"id":"TEST🍻","size":100,"offset":100,"action":"create"}0059{"id":"TEST🍻","size":100,"offset":100,"action":"create"}0059{"id":"TEST🍻","size":100,"offset":100,"action":"create"}0059{"id":"TEST🍻","size":100,"offset":100,"action":"create"}0059{"id":"TEST🍻","size":100,"offset":100,"action":"create"}0059{"id":"TEST🍻","size":100,"offset":100,"action":"create"}0059{"id":"TEST🍻","size":100,"offset":100,"action":"create"}0059{"id":"TEST🍻","size":100,"offset":100,"action":"create"}